2025-07-07 05:33:25,788 [INFO] [runner] Starting watering runner
2025-07-07 05:33:25,801 [INFO] [runner] Completed in 0.0s with 0 tasks
2025-07-07 05:33:26,071 [INFO] [advisor] Starting advisor
2025-07-07 05:33:26,071 [INFO] 
=== Advice for Zone: BeetsTomatoes ===
2025-07-07 05:33:26,101 [INFO] 📍 Advice: water
2025-07-07 05:33:26,101 [INFO] 
=== Advice for Zone: CucumberWatermelon ===
2025-07-07 05:33:26,128 [INFO] 📍 Advice: water
2025-07-07 05:33:26,128 [INFO] [advisor] Completed in 0.1s for 2 zones
2025-07-07 05:40:01,509 [INFO] [runner] Starting watering runner
2025-07-07 05:40:01,521 [INFO] [runner] Completed in 0.0s with 0 tasks
2025-07-07 05:50:01,851 [INFO] [runner] Starting watering runner
2025-07-07 05:50:01,863 [INFO] [runner] Completed in 0.0s with 0 tasks
2025-07-07 06:00:02,195 [INFO] [runner] Starting watering runner
2025-07-07 06:00:02,207 [INFO] [runner] Completed in 0.0s with 0 tasks
2025-07-07 06:10:01,635 [INFO] [runner] Starting watering runner
2025-07-07 06:10:01,647 [INFO] [runner] Completed in 0.0s with 0 tasks
2025-07-07 06:20:01,986 [INFO] [runner] Starting watering runner
2025-07-07 06:20:01,998 [INFO] [runner] Completed in 0.0s with 0 tasks
