<frozen runpy>:128: RuntimeWarning: 'controlcore_ai.core.runner' found in sys.modules after import of package 'controlcore_ai.core', but prior to execution of 'controlcore_ai.core.runner'; this may result in unpredictable behaviour
/home/sauron/projects/codex_controlcore_agg/controlcore_ai/core/runner.py:40: DeprecationWarning: Callback API version 1 is deprecated, update to latest version
  client = mqtt.Client()
[runner] Starting watering runner
[runner] Completed in 0.0s with 0 tasks
<frozen runpy>:128: RuntimeWarning: 'controlcore_ai.core.advisor' found in sys.modules after import of package 'controlcore_ai.core', but prior to execution of 'controlcore_ai.core.advisor'; this may result in unpredictable behaviour
[advisor] Starting advisor

=== Advice for Zone: BeetsTomatoes ===
📍 Advice: water

=== Advice for Zone: CucumberWatermelon ===
📍 Advice: water
[advisor] Completed in 0.1s for 2 zones
[master] Starting master
[master] Running module runner
[master] Running module advisor
[master] Completed in 0.6s
<frozen runpy>:128: RuntimeWarning: 'controlcore_ai.core.runner' found in sys.modules after import of package 'controlcore_ai.core', but prior to execution of 'controlcore_ai.core.runner'; this may result in unpredictable behaviour
/home/sauron/projects/codex_controlcore_agg/controlcore_ai/core/runner.py:40: DeprecationWarning: Callback API version 1 is deprecated, update to latest version
  client = mqtt.Client()
[runner] Starting watering runner
[runner] Completed in 0.0s with 0 tasks
[master] Starting master
[master] Running module runner
[master] Completed in 0.3s
<frozen runpy>:128: RuntimeWarning: 'controlcore_ai.core.runner' found in sys.modules after import of package 'controlcore_ai.core', but prior to execution of 'controlcore_ai.core.runner'; this may result in unpredictable behaviour
/home/sauron/projects/codex_controlcore_agg/controlcore_ai/core/runner.py:40: DeprecationWarning: Callback API version 1 is deprecated, update to latest version
  client = mqtt.Client()
[runner] Starting watering runner
[runner] Completed in 0.0s with 0 tasks
[master] Starting master
[master] Running module runner
[master] Completed in 0.3s
<frozen runpy>:128: RuntimeWarning: 'controlcore_ai.core.runner' found in sys.modules after import of package 'controlcore_ai.core', but prior to execution of 'controlcore_ai.core.runner'; this may result in unpredictable behaviour
/home/sauron/projects/codex_controlcore_agg/controlcore_ai/core/runner.py:40: DeprecationWarning: Callback API version 1 is deprecated, update to latest version
  client = mqtt.Client()
[runner] Starting watering runner
[runner] Completed in 0.0s with 0 tasks
[master] Starting master
[master] Running module runner
[master] Completed in 0.3s
<frozen runpy>:128: RuntimeWarning: 'controlcore_ai.core.runner' found in sys.modules after import of package 'controlcore_ai.core', but prior to execution of 'controlcore_ai.core.runner'; this may result in unpredictable behaviour
/home/sauron/projects/codex_controlcore_agg/controlcore_ai/core/runner.py:40: DeprecationWarning: Callback API version 1 is deprecated, update to latest version
  client = mqtt.Client()
[runner] Starting watering runner
[runner] Completed in 0.0s with 0 tasks
[master] Starting master
[master] Running module runner
[master] Completed in 0.3s
<frozen runpy>:128: RuntimeWarning: 'controlcore_ai.core.runner' found in sys.modules after import of package 'controlcore_ai.core', but prior to execution of 'controlcore_ai.core.runner'; this may result in unpredictable behaviour
/home/sauron/projects/codex_controlcore_agg/controlcore_ai/core/runner.py:40: DeprecationWarning: Callback API version 1 is deprecated, update to latest version
  client = mqtt.Client()
[runner] Starting watering runner
[runner] Completed in 0.0s with 0 tasks
[master] Starting master
[master] Running module runner
[master] Completed in 0.3s
